I'm sorry, but errors were detected in your script. Please correct the
errors listed below, and try again.


File "game/script.rpy", line 390: play requires a file
    play echo_bad
                 ^

Ren'Py Version: Ren'Py 7.4.4.1439
Fri Oct  1 00:44:14 2021
